"blank"			"=========================="
"blank"			"#Valve_Movement_Title"
"blank"			"=========================="
"+forward"				"#Wars_Move_Forward"
"+back"					"#Wars_Move_Back"
"+moveleft"				"#Wars_Move_Left"
"+moveright"			"#Wars_Move_Right"
"+speed"             	"#Wars_Sprint"
"+duck"					"#Wars_Duck"
"+moveup"				"#Wars_Zoom_Out"
"+movedown"				"#Wars_Zoom_In"
"blank"			"=========================="
"blank"			"#Valve_Communication_Title"
"blank"			"=========================="
"+voicerecord"	"#Valve_Use_Voice_Communication"
"say"			"#Valve_Chat_Message"
"say_team"		"#Valve_Team_Message"
"blank"			"=========================="
"blank"			"#Wars_Interface"
"blank"			"=========================="
"+attack"				"#Wars_Primary_Attack"
"+attack2"				"#Wars_Secondary_Attack"
"slot1"					"#Wars_ControlGroup_1"
"slot2"					"#Wars_ControlGroup_2"
"slot3" 				"#Wars_ControlGroup_3"
"slot4"					"#Wars_ControlGroup_4"
"slot5"					"#Wars_ControlGroup_5"
"slot6"					"#Wars_ControlGroup_6"
"slot7"					"#Wars_ControlGroup_7"
"slot8"					"#Wars_ControlGroup_8"
"slot9"					"#Wars_ControlGroup_9"
"slot10"				"#Wars_ControlGroup_10"
"+zoom"                 "#Wars_Rotate_Left"
"+lookspin"             "#Wars_Rotate_Right"
"cam_reset"             "#Wars_Reset_Cam"
"wars_jumptolastnotification" "#Wars_JumpToLastNotification"
"toggle_alwaysshowhealthbars" "#Wars_ToggleShowHealthbars"
"+hotkey_a"             "#Wars_Hotkey_A"
"+hotkey_c"             "#Wars_Hotkey_C"
"+hotkey_d"             "#Wars_Hotkey_D"
"+hotkey_e"             "#Wars_Hotkey_E"
"+hotkey_f"             "#Wars_Hotkey_F"
"+hotkey_q"             "#Wars_Hotkey_Q"
"+hotkey_r"             "#Wars_Hotkey_R"
"+hotkey_s"             "#Wars_Hotkey_S"
"+hotkey_v"             "#Wars_Hotkey_V"
"+hotkey_w"             "#Wars_Hotkey_W"
"+hotkey_x"             "#Wars_Hotkey_X"
"+hotkey_z"             "#Wars_Hotkey_Z"
"kill_units"            "#Wars_KillSelection"
"units_spread"          "#Wars_SpreadSelection"
"select_all_army"       "#Wars_SelectAllArmy"
"player_select_next_unit_type"       "#Wars_SelectNextUnitType"
"blank"			"=========================="
"blank"			"#Valve_Miscellaneous_Title"
"blank"			"=========================="
"incrementvar closecaption 0 1 1"	"#Valve_CC_Toggle"
"jpeg"					"#Valve_Take_Screen_Shot"
"save quick"			"#Valve_Quick_Save"
"load quick"			"#Valve_Quick_Load"
"pause"					"#Valve_Pause_Game"
"quit"					"#Valve_Quit_Game"
"toggleconsole"			"#Valve_Console_Toggle"
"+status_players"		"#Wars_Status_Players"
"blank"			"=========================="
"blank"			"#Valve_Miscellaneous_Keyboard_Keys_Title"
"blank"			"=========================="
"+walk"             	"#Valve_Walk"
"+left"					"#Valve_Turn_Left"
"+right"				"#Valve_Turn_Right"
"+lookup"				"#Valve_Look_Up"
"+lookdown"				"#Valve_Look_Down"
"+strafe"				"#Valve_Strafe_Modifier"
"+klook"				"#Valve_Keyboard_Look_Modifier"

